// Jest Snapshot v1, https://goo.gl/fbAQLP

exports[`renders correctly 1`] = `
<View
  style={
    Object {
      "alignItems": "center",
      "backgroundColor": "#EEF0F4",
      "flex": 1,
      "justifyContent": "center",
    }
  }
>
  <Text>
    Foodie.io
  </Text>
  <View
    accessible={true}
    focusable={true}
    onBlur={[Function]}
    onClick={[Function]}
    onFocus={[Function]}
    onResponderGrant={[Function]}
    onResponderMove={[Function]}
    onResponderRelease={[Function]}
    onResponderTerminate={[Function]}
    onResponderTerminationRequest={[Function]}
    onStartShouldSetResponder={[Function]}
    style={
      Array [
        Object {
          "opacity": 1,
        },
      ]
    }
    text="Ballyhoo"
    type="icon"
  >
    <View
      style={
        Array [
          "",
          "",
          Object {
            "alignItems": "center",
            "backgroundColor": "#1C262D",
            "borderRadius": 12,
            "flexDirection": "row",
            "height": 32,
            "justifyContent": "center",
            "marginRight": 20,
            "width": 96,
          },
        ]
      }
    >
      <View>
        <Text
          style={
            Object {
              "color": "#ffffff",
              "fontFamily": "Avenir",
              "fontSize": 14,
              "fontStyle": "normal",
              "fontWeight": "900",
              "letterSpacing": 0,
              "lineHeight": 24,
              "textAlign": "center",
            }
          }
        >
          Ballyhoo
        </Text>
      </View>
    </View>
  </View>
</View>
`;
