// Jest Snapshot v1, https://goo.gl/fbAQLP

exports[`renders correctly 1`] = `
<View
  style={
    Object {
      "alignItems": "center",
      "backgroundColor": "#EEF0F4",
      "flex": 1,
      "justifyContent": "center",
    }
  }
>
  <Text>
    Foodie.io
  </Text>
  <View
    accessible={true}
    focusable={true}
    onBlur={[Function]}
    onClick={[Function]}
    onFocus={[Function]}
    onResponderGrant={[Function]}
    onResponderMove={[Function]}
    onResponderRelease={[Function]}
    onResponderTerminate={[Function]}
    onResponderTerminationRequest={[Function]}
    onStartShouldSetResponder={[Function]}
    style={
      Array [
        Object {
          "opacity": 1,
        },
        Object {
          "alignItems": "center",
          "backgroundColor": "#6546F9",
          "borderRadius": 12,
          "height": 48,
          "justifyContent": "center",
          "width": 702,
        },
      ]
    }
    text="Ballyhoo"
  >
    <View
      style={
        Object {
          "alignItems": "center",
          "backgroundColor": "#6546F9",
          "borderRadius": 12,
          "height": 48,
          "justifyContent": "center",
          "width": 702,
        }
      }
    >
      <Text
        style={
          Object {
            "color": "#ffffff",
            "fontFamily": "Avenir",
            "fontSize": 14,
            "fontStyle": "normal",
            "fontWeight": "900",
            "letterSpacing": 0,
            "lineHeight": 24,
            "textAlign": "center",
          }
        }
      >
        Ballyhoo
      </Text>
    </View>
  </View>
  <View
    accessible={true}
    focusable={true}
    onBlur={[Function]}
    onClick={[Function]}
    onFocus={[Function]}
    onResponderGrant={[Function]}
    onResponderMove={[Function]}
    onResponderRelease={[Function]}
    onResponderTerminate={[Function]}
    onResponderTerminationRequest={[Function]}
    onStartShouldSetResponder={[Function]}
    style={
      Array [
        Object {
          "opacity": 1,
        },
        Object {
          "alignItems": "center",
          "borderRadius": 40,
          "elevation": 4,
          "height": 80,
          "justifyContent": "center",
          "margin": 16,
          "shadowColor": "#1C262D",
          "shadowOffset": Object {
            "height": 2,
            "width": 0,
          },
          "shadowOpacity": 0.23,
          "shadowRadius": 2.62,
          "width": 80,
        },
      ]
    }
  >
    <View
      style={
        Object {
          "alignItems": "center",
          "borderRadius": 40,
          "elevation": 4,
          "height": 80,
          "justifyContent": "center",
          "margin": 16,
          "shadowColor": "#1C262D",
          "shadowOffset": Object {
            "height": 2,
            "width": 0,
          },
          "shadowOpacity": 0.23,
          "shadowRadius": 2.62,
          "width": 80,
        }
      }
    />
  </View>
</View>
`;
